0.000000 1
0.010000 1
0.020000 1
0.030000 1
0.040000 1
0.050000 1
0.060000 1
0.070000 1
0.080000 1
0.089021 2
0.092164 1
0.094788 2
0.099877 1
0.103367 1
0.108273 1
0.115464 1
0.123928 1
0.127319 1
0.130585 1
0.133458 3
0.137684 2
0.142016 1
0.145466 2
0.152528 1
0.160750 1
0.165877 3
0.168788 2
0.172463 1
0.175181 2
0.179723 1
0.183589 1
0.188028 1
0.191728 3
0.194363 2
0.197600 1
0.200145 1
0.203712 2
0.208594 2
0.212798 4
0.215661 2
0.218730 2
0.222348 2
0.225954 2
0.228547 2
0.231861 2
0.235384 2
0.239478 2
0.241993 2
0.246080 2
0.249614 2
0.252764 2
0.256381 2
0.261454 2
0.264571 2
0.268285 2
0.271949 2
0.274863 3
0.278407 2
0.281382 2
0.284315 2
0.287249 2
0.289903 2
0.292731 3
0.296302 3
0.299948 2
0.302958 3
0.306541 3
0.309723 3
0.313015 3
0.315695 3
0.319125 3
0.322415 3
0.325709 3
0.329091 3
0.331907 3
0.334443 4
0.337817 3
0.340706 3
0.343849 3
0.346653 3
0.349768 3
0.352501 3
0.355127 3
0.358102 3
0.361547 3
0.364114 3
0.367375 2
0.369889 3
0.372966 3
0.376561 3
0.380329 3
0.383523 3
0.387284 3
0.389969 3
0.392861 3
0.395521 3
0.399002 3
0.401827 3
0.404474 3
0.407197 4
0.410701 3
0.413376 3
0.416033 3
0.419207 3
0.422452 3
0.424970 2
0.427614 3
0.430737 3
0.434309 3
0.438071 3
0.441381 3
0.444963 3
0.447746 3
0.450623 3
0.453174 2
0.455891 3
0.459244 3
0.462341 3
0.465675 2
0.468305 3
0.471481 3
0.474076 3
0.477279 3
0.480554 2
0.483234 2
0.486189 2
0.490099 1
0.493744 2
0.498984 2
0.503954 2
0.508693 2
0.512698 1
0.516122 2
0.521145 2
0.526363 1
0.530484 1
0.533435 2
0.537592 2
0.543075 1
0.546057 1
0.548678 1
0.552049 1
0.555164 2
0.560322 1
0.564618 2
0.569973 1
0.574850 1
0.577591 1
0.582401 1
0.585356 2
0.591533 1
0.594937 1
0.601476 1
0.608537 1
0.611586 1
0.617284 1
0.621419 1
0.625542 1
0.631628 1
0.636239 1
0.641876 1
0.646912 1
0.652603 1
0.657421 1
0.664421 1
0.671071 2
0.677303 1
0.682710 1
0.685974 2
0.690591 1
0.694564 1
0.700182 1
0.706021 1
0.712778 1
0.719840 1
0.727187 1
0.735248 1
0.740861 1
0.747737 1
0.754782 1
0.763607 1
0.771992 1
0.779441 1
0.788068 1
0.798068 1
0.806882 1
0.816882 1
0.823966 1
0.829761 1
0.838780 1
0.843535 1
0.848029 1
0.855172 1
0.861472 1
0.868129 1
0.875081 1
0.881500 1
0.885809 1
0.892716 1
0.902716 1
0.912716 1
0.920092 1
0.927908 1
0.935412 1
0.944013 1
0.954013 1
0.962115 1
0.970411 1
0.979171 1
0.985138 1
0.995081 1
1.003703 1
1.013703 1
1.023703 1
1.030448 1
1.038885 1
1.048885 1
1.056599 1
1.061002 1
1.071002 1
1.081002 1
1.091002 1
1.101002 1
1.110313 1
1.120313 1
1.130229 1
1.139931 1
1.149931 1
1.158743 1
1.168203 1
1.175464 1
1.183254 1
1.191318 1
1.197601 1
1.204241 1
1.209784 1
1.216677 1
1.224001 1
1.229399 1
1.235604 1
1.242488 1
1.247664 1
1.254053 1
1.259828 1
1.266724 1
1.272800 1
1.278091 1
1.283040 1
1.287569 1
1.291183 2
1.299067 1
1.304866 1
1.309831 1
1.316656 1
1.324408 1
1.328276 1
1.335083 1
1.339028 1
1.344054 1
1.349255 1
1.355987 1
1.364231 1
1.368429 1
1.373817 1
1.381096 1
1.389291 1
1.395898 1
1.404310 1
1.411954 1
1.418063 1
1.424839 1
1.434410 1
1.442859 1
1.452682 1
1.462682 1
1.472682 1
1.482682 1
1.492682 1
1.500091 1
1.508986 1
1.517767 1
1.527547 1
1.536646 1
1.546646 1
1.556646 1
1.566646 1
1.573744 1
1.581647 1
1.588736 1
1.598736 1
1.608736 1
1.615546 1
1.625546 1
1.635546 1
1.645546 1
1.655546 1
1.665546 1
