0.000000 1
0.010000 1
0.020000 1
0.030000 1
0.040000 1
0.050000 1
0.060000 1
0.070000 1
0.080000 1
0.086761 2
0.089665 1
0.092403 2
0.097503 1
0.101167 1
0.106260 1
0.113904 1
0.123073 1
0.126550 1
0.129856 1
0.132473 3
0.136466 2
0.142256 1
0.146735 1
0.149341 2
0.156463 1
0.161829 1
0.165205 3
0.168010 2
0.172129 1
0.175150 1
0.179118 1
0.181864 2
0.188013 1
0.190895 3
0.193416 2
0.196546 1
0.199551 2
0.204157 1
0.207748 1
0.210650 3
0.213453 3
0.217414 2
0.220985 2
0.225522 2
0.228280 2
0.231399 2
0.235188 2
0.239390 2
0.242334 2
0.245537 1
0.248103 2
0.252484 2
0.255469 2
0.258787 2
0.262622 1
0.265470 2
0.269051 2
0.272010 2
0.275657 2
0.278420 2
0.281349 2
0.284396 2
0.287506 2
0.290670 2
0.293677 3
0.297758 3
0.301357 3
0.304693 3
0.307852 3
0.310937 4
0.314060 4
0.317505 3
0.320247 3
0.323492 3
0.326392 3
0.328984 4
0.331888 3
0.334631 3
0.337517 3
0.340250 4
0.343159 3
0.345728 3
0.348304 3
0.351037 3
0.353696 3
0.356684 3
0.359700 3
0.362241 3
0.365810 3
0.368880 3
0.372250 3
0.374957 3
0.378064 3
0.381559 3
0.385302 3
0.388362 3
0.391461 3
0.394514 3
0.397297 4
0.400710 3
0.403275 3
0.405909 3
0.409169 3
0.412722 4
0.415812 3
0.418504 3
0.421404 3
0.424555 3
0.427450 3
0.430611 2
0.433125 2
0.436246 3
0.439475 3
0.442147 3
0.445659 3
0.449083 2
0.451755 3
0.455224 3
0.458538 3
0.461666 2
0.464620 3
0.467397 3
0.470512 3
0.473284 3
0.476604 3
0.479589 2
0.482111 2
0.485001 2
0.487791 2
0.491360 1
0.494508 1
0.497021 2
0.501514 1
0.504111 2
0.509129 1
0.511672 1
0.515554 1
0.518898 2
0.523360 1
0.526980 1
0.529674 2
0.534077 1
0.537011 1
0.541087 2
0.544471 1
0.547796 1
0.550572 2
0.554646 1
0.558002 1
0.560603 2
0.565045 1
0.568883 1
0.572214 2
0.575240 1
0.577923 1
0.580975 1
0.584553 1
0.587394 1
0.589975 2
0.594496 1
0.599208 1
0.602330 1
0.605996 1
0.609046 1
0.612602 1
0.616999 1
0.622451 1
0.627933 1
0.632731 1
0.636870 1
0.643052 1
0.648197 1
0.654611 1
0.661782 1
0.669336 1
0.675158 1
0.682187 1
0.687906 1
0.692547 1
0.697759 1
0.702290 1
0.706586 1
0.711680 1
0.718207 1
0.724592 1
0.730776 1
0.735443 1
0.739167 1
0.745163 1
0.749905 1
0.757156 1
0.764735 1
0.772205 1
0.778728 1
0.786899 1
0.793259 1
0.798310 1
0.804564 1
0.814564 1
0.823146 1
0.829403 1
0.838903 1
0.846857 1
0.854994 1
0.860679 1
0.866953 1
0.873890 1
0.879535 1
0.885594 1
0.893813 1
0.903297 1
0.912051 1
0.922051 1
0.931139 1
0.937602 1
0.942634 1
0.949027 1
0.953322 1
0.959137 1
0.967503 1
0.977503 1
0.985395 1
0.992360 1
1.001259 1
1.011073 1
1.017646 1
1.027646 1
1.037646 1
1.046332 1
1.056332 1
1.066332 1
1.076332 1
1.084950 1
1.093015 1
1.100598 1
1.108726 1
1.116173 1
1.123276 1
1.130662 1
1.138208 1
1.143555 1
1.150394 1
1.155564 1
1.163516 1
1.168493 1
1.177358 1
1.181814 1
1.189955 1
1.198195 1
1.204652 1
1.211040 1
1.217015 1
1.223616 1
1.227618 1
1.233083 1
1.239298 1
1.247798 1
1.255627 1
1.261610 1
1.268549 1
1.275357 1
1.282751 1
1.289629 1
1.296640 1
1.305217 1
1.315217 1
1.325217 1
1.334027 1
1.341653 1
1.350147 1
1.357195 1
1.364185 1
1.374136 1
1.383782 1
1.392830 1
1.402830 1
1.412212 1
1.421020 1
1.431020 1
1.441020 1
1.449656 1
1.459656 1
1.468906 1
1.473635 1
1.481717 1
1.491717 1
1.501717 1
1.507820 1
1.512946 1
1.518793 1
1.525372 1
1.534731 1
1.544731 1
1.554731 1
1.564731 1
1.574731 1
1.584731 1
1.594731 1
1.604731 1
1.614731 1
1.623067 1
1.633067 1
1.643067 1
1.653067 1
1.663067 1
