0.000000 1
0.010000 1
0.020000 1
0.030000 1
0.040000 1
0.050000 1
0.060000 1
0.070000 1
0.080000 1
0.089711 2
0.092961 1
0.095554 2
0.100266 1
0.104058 1
0.109027 1
0.116152 1
0.124128 1
0.127515 1
0.130775 1
0.133650 2
0.136201 2
0.140323 1
0.143088 1
0.146725 2
0.153258 1
0.158305 1
0.163928 1
0.166703 3
0.169593 2
0.173967 1
0.176990 1
0.180187 2
0.185265 1
0.190267 3
0.193658 2
0.196603 2
0.201662 1
0.204833 1
0.208152 1
0.211068 3
0.213697 3
0.217162 2
0.220604 2
0.223461 2
0.227711 2
0.230843 2
0.234933 2
0.239091 2
0.242633 2
0.246752 2
0.249565 2
0.253369 2
0.256998 2
0.260645 2
0.263838 2
0.267879 2
0.271058 2
0.273600 2
0.276666 2
0.279520 2
0.282389 3
0.285605 3
0.288811 3
0.292501 3
0.295431 3
0.298898 2
0.301666 3
0.304873 2
0.307406 3
0.310722 3
0.313920 3
0.317223 3
0.320286 3
0.323311 3
0.326322 3
0.329146 3
0.331765 4
0.334943 4
0.338027 3
0.340663 4
0.344056 4
0.347144 3
0.350104 3
0.353409 3
0.356761 3
0.359826 3
0.363120 3
0.365647 2
0.368315 3
0.371677 3
0.374902 2
0.377417 3
0.380208 2
0.382831 3
0.385826 3
0.388843 3
0.391888 3
0.394613 3
0.397903 4
0.400705 3
0.403897 3
0.406862 2
0.409363 3
0.412070 4
0.415340 2
0.417851 2
0.420665 2
0.423515 2
0.426049 3
0.428828 3
0.432145 3
0.435674 3
0.438180 2
0.441717 3
0.445468 3
0.448778 3
0.451713 3
0.454716 3
0.457322 3
0.460023 3
0.462896 3
0.465877 2
0.468504 2
0.471159 2
0.474032 2
0.476599 3
0.480101 3
0.483431 2
0.486174 2
0.489226 2
0.492706 2
0.497073 1
0.500037 1
0.502799 1
0.505917 1
0.510029 1
0.513403 1
0.516989 2
0.522772 1
0.527099 2
0.532537 1
0.535388 1
0.538961 1
0.542337 1
0.545218 2
0.551058 1
0.555778 1
0.560591 1
0.566950 1
0.570073 1
0.573845 1
0.577302 1
0.581320 1
0.585471 1
0.590136 1
0.595503 1
0.600334 1
0.604797 1
0.609954 1
0.615809 1
0.621408 1
0.627084 1
0.631184 1
0.634697 2
0.640912 1
0.644575 1
0.649620 1
0.654151 1
0.659463 1
0.662392 1
0.665146 2
0.670364 2
0.675518 1
0.679167 1
0.682676 2
0.687812 1
0.692047 1
0.696828 1
0.700943 1
0.705665 1
0.708980 1
0.712059 1
0.716014 1
0.720812 1
0.725893 1
0.729208 1
0.734771 1
0.741842 1
0.748657 1
0.756656 1
0.763562 1
0.771413 1
0.776413 1
0.783743 1
0.790455 1
0.799665 1
0.808754 1
0.815102 1
0.821904 1
0.827163 1
0.835273 1
0.844096 1
0.853055 1
0.862406 1
0.872269 1
0.882160 1
0.891913 1
0.901779 1
0.909877 1
0.919877 1
0.929877 1
0.939125 1
0.946900 1
0.956810 1
0.966810 1
0.976810 1
0.986810 1
0.996810 1
1.006005 1
1.016005 1
1.026005 1
1.036005 1
1.046005 1
1.056005 1
1.066005 1
1.076005 1
1.086005 1
1.096005 1
1.105857 1
1.115274 1
1.125274 1
1.131429 1
1.141429 1
1.147333 1
1.156259 1
1.164265 1
1.173595 1
1.181558 1
1.191558 1
1.198853 1
1.205795 1
1.215795 1
1.222966 1
1.228068 1
1.234938 1
1.240177 1
1.245741 1
1.252361 1
1.257639 1
1.263894 1
1.272006 1
1.279841 1
1.287037 1
1.293846 1
1.298779 1
1.304688 1
1.310010 1
1.314474 1
1.321699 1
1.327978 1
1.334352 1
1.341420 1
1.348455 1
1.355414 1
1.360990 1
1.365401 1
1.373349 1
1.380292 1
1.384585 1
1.392898 1
1.401560 1
1.411560 1
1.419589 1
1.429589 1
1.439112 1
1.447615 1
1.457615 1
1.467615 1
1.477615 1
1.487615 1
1.497615 1
1.507615 1
1.515398 1
1.525398 1
1.535398 1
1.543501 1
1.552656 1
1.562656 1
1.570425 1
1.580425 1
1.590425 1
1.600425 1
1.610425 1
1.620425 1
1.630425 1
1.640189 1
1.650189 1
1.660189 1
