0.000000 103
0.000000 254
0.010000 246
0.010000 285
0.020000 310
0.020000 319
0.030000 360
0.030000 351
0.040000 402
0.040000 371
0.050000 446
0.050000 395
0.060000 487
0.060000 427
0.070000 542
0.070000 463
0.080000 594
0.080000 481
0.089021 649
0.089021 628
0.089021 209
0.092164 644
0.092164 165
0.094788 654
0.094788 658
0.094788 354
0.099877 689
0.099877 250
0.103367 711
0.103367 361
0.108273 747
0.108273 478
0.115464 813
0.115464 682
0.123928 885
0.123928 332
0.127319 897
0.127319 324
0.130585 927
0.130585 294
0.133458 941
0.133458 1046
0.133458 1493
0.133458 543
0.137684 984
0.137684 1232
0.137684 548
0.142016 1350
0.142016 399
0.145466 1253
0.145466 1271
0.145466 697
0.152528 1246
0.152528 809
0.160750 1234
0.160750 550
0.165877 1438
0.165877 1229
0.165877 1503
0.165877 448
0.168788 1210
0.168788 1367
0.168788 472
0.172463 1514
0.172463 370
0.175181 1500
0.175181 1581
0.175181 540
0.179723 1757
0.179723 536
0.183589 1669
0.183589 713
0.188028 1620
0.188028 486
0.191728 1722
0.191728 1464
0.191728 1554
0.191728 393
0.194363 1560
0.194363 1533
0.194363 487
0.197600 1860
0.197600 400
0.200145 1652
0.200145 613
0.203712 1985
0.203712 2045
0.203712 682
0.208594 2026
0.208594 1657
0.208594 627
0.212798 1770
0.212798 1736
0.212798 1772
0.212798 1777
0.212798 444
0.215661 1648
0.215661 1903
0.215661 484
0.218730 1723
0.218730 1583
0.218730 498
0.222348 1655
0.222348 1499
0.222348 470
0.225954 1669
0.225954 1542
0.225954 348
0.228547 1600
0.228547 1475
0.228547 441
0.231861 1644
0.231861 1476
0.231861 464
0.235384 1627
0.235384 1514
0.235384 526
0.239478 1701
0.239478 1551
0.239478 346
0.241993 1649
0.241993 1522
0.241993 528
0.246080 1715
0.246080 1581
0.246080 471
0.249614 2130
0.249614 1800
0.249614 415
0.252764 1561
0.252764 1443
0.252764 461
0.256381 1662
0.256381 1390
0.256381 632
0.261454 1430
0.261454 1554
0.261454 423
0.264571 2029
0.264571 1442
0.264571 438
0.268285 2059
0.268285 1410
0.268285 451
0.271949 2057
0.271949 1420
0.271949 366
0.274863 1806
0.274863 1369
0.274863 1287
0.274863 403
0.278407 1606
0.278407 1390
0.278407 346
0.281382 1426
0.281382 1260
0.281382 322
0.284315 1294
0.284315 1225
0.284315 333
0.287249 1257
0.287249 1215
0.287249 293
0.289903 1221
0.289903 1196
0.289903 306
0.292731 1200
0.292731 1199
0.292731 1210
0.292731 379
0.296302 1294
0.296302 1330
0.296302 1292
0.296302 404
0.299948 1203
0.299948 1206
0.299948 325
0.302958 1206
0.302958 1207
0.302958 1220
0.302958 385
0.306541 1211
0.306541 1207
0.306541 1207
0.306541 355
0.309723 1213
0.309723 1229
0.309723 1217
0.309723 368
0.313015 1229
0.313015 1223
0.313015 1219
0.313015 304
0.315695 1237
0.315695 1220
0.315695 1216
0.315695 372
0.319125 1242
0.319125 1219
0.319125 1216
0.319125 360
0.322415 1236
0.322415 1219
0.322415 1211
0.322415 362
0.325709 1218
0.325709 1213
0.325709 1210
0.325709 365
0.329091 1217
0.329091 1199
0.329091 1191
0.329091 311
0.331907 1226
0.331907 1213
0.331907 1204
0.331907 284
0.334443 1217
0.334443 1204
0.334443 1192
0.334443 1189
0.334443 366
0.337817 1265
0.337817 1229
0.337817 1193
0.337817 319
0.340706 1269
0.340706 1235
0.340706 1207
0.340706 342
0.343849 1192
0.343849 1179
0.343849 1171
0.343849 309
0.346653 1187
0.346653 1188
0.346653 1214
0.346653 340
0.349768 1191
0.349768 1190
0.349768 1190
0.349768 310
0.352501 1337
0.352501 1293
0.352501 1243
0.352501 305
0.355127 1194
0.355127 1189
0.355127 1191
0.355127 336
0.358102 1190
0.358102 1184
0.358102 1189
0.358102 383
0.361547 1217
0.361547 1192
0.361547 1179
0.361547 301
0.364114 1189
0.364114 1187
0.364114 1186
0.364114 376
0.367375 1187
0.367375 1235
0.367375 299
0.369889 1318
0.369889 1295
0.369889 1255
0.369889 367
0.372966 1268
0.372966 1243
0.372966 1178
0.372966 400
0.376561 1181
0.376561 1181
0.376561 1166
0.376561 404
0.380329 1526
0.380329 1469
0.380329 1394
0.380329 405
0.383523 1238
0.383523 1213
0.383523 1203
0.383523 403
0.387284 1177
0.387284 1168
0.387284 1190
0.387284 314
0.389969 1180
0.389969 1228
0.389969 1175
0.389969 331
0.392861 1178
0.392861 1225
0.392861 1191
0.392861 312
0.395521 1170
0.395521 1184
0.395521 1157
0.395521 409
0.399002 1166
0.399002 1163
0.399002 1155
0.399002 352
0.401827 1331
0.401827 1314
0.401827 1292
0.401827 371
0.404474 1400
0.404474 1334
0.404474 1292
0.404474 350
0.407197 1356
0.407197 1314
0.407197 1292
0.407197 1283
0.407197 438
0.410701 1548
0.410701 1468
0.410701 1407
0.410701 399
0.413376 1288
0.413376 1247
0.413376 1220
0.413376 371
0.416033 1120
0.416033 1078
0.416033 1056
0.416033 400
0.419207 1086
0.419207 1056
0.419207 1049
0.419207 410
0.422452 1056
0.422452 1056
0.422452 1059
0.422452 347
0.424970 1061
0.424970 1024
0.424970 355
0.427614 1037
0.427614 1017
0.427614 1008
0.427614 408
0.430737 1013
0.430737 972
0.430737 965
0.430737 436
0.434309 1005
0.434309 965
0.434309 942
0.434309 447
0.438071 1021
0.438071 977
0.438071 949
0.438071 414
0.441381 1032
0.441381 967
0.441381 945
0.441381 440
0.444963 963
0.444963 951
0.444963 943
0.444963 366
0.447746 985
0.447746 962
0.447746 945
0.447746 379
0.450623 1009
0.450623 996
0.450623 962
0.450623 345
0.453174 997
0.453174 947
0.453174 350
0.455891 985
0.455891 942
0.455891 924
0.455891 415
0.459244 974
0.459244 962
0.459244 930
0.459244 388
0.462341 967
0.462341 926
0.462341 923
0.462341 410
0.465675 954
0.465675 1018
0.465675 363
0.468305 942
0.468305 996
0.468305 961
0.468305 407
0.471481 1001
0.471481 980
0.471481 942
0.471481 341
0.474076 944
0.474076 1000
0.474076 979
0.474076 399
0.477279 975
0.477279 930
0.477279 967
0.477279 397
0.480554 991
0.480554 943
0.480554 343
0.483234 990
0.483234 951
0.483234 352
0.486189 1029
0.486189 984
0.486189 423
0.490099 928
0.490099 390
0.493744 974
0.493744 921
0.493744 479
0.498984 934
0.498984 1072
0.498984 518
0.503954 956
0.503954 951
0.503954 481
0.508693 963
0.508693 1030
0.508693 446
0.512698 974
0.512698 351
0.516122 1002
0.516122 1021
0.516122 459
0.521145 1017
0.521145 1010
0.521145 480
0.526363 1070
0.526363 387
0.530484 1060
0.530484 311
0.533435 1061
0.533435 1166
0.533435 439
0.537592 1079
0.537592 1073
0.537592 510
0.543075 1086
0.543075 324
0.546057 1101
0.546057 292
0.548678 1115
0.548678 353
0.552049 1135
0.552049 345
0.555164 1415
0.555164 1200
0.555164 522
0.560322 1476
0.560322 409
0.564618 1422
0.564618 1104
0.564618 507
0.569973 1146
0.569973 441
0.574850 1471
0.574850 303
0.577591 1225
0.577591 604
0.582401 1398
0.582401 330
0.585356 1463
0.585356 1273
0.585356 553
0.591533 1389
0.591533 364
0.594937 1532
0.594937 510
0.601476 1201
0.601476 530
0.608537 1200
0.608537 295
0.611586 1538
0.611586 474
0.617284 1273
0.617284 375
0.621419 1419
0.621419 381
0.625542 1459
0.625542 509
0.631628 1265
0.631628 398
0.636239 1444
0.636239 469
0.641876 1376
0.641876 434
0.646912 1379
0.646912 471
0.652603 1289
0.652603 456
0.657421 1376
0.657421 560
0.664421 1185
0.664421 562
0.671071 1212
0.671071 1082
0.671071 583
0.677303 1164
0.677303 482
0.682710 1558
0.682710 386
0.685974 1577
0.685974 1256
0.685974 482
0.690591 1326
0.690591 392
0.694564 1562
0.694564 538
0.700182 1325
0.700182 574
0.706021 1319
0.706021 653
0.712778 1240
0.712778 626
0.719840 1192
0.719840 646
0.727187 1185
0.727187 671
0.735248 1141
0.735248 563
0.740861 1329
0.740861 620
0.747737 1218
0.747737 626
0.754782 1228
0.754782 684
0.763607 1108
0.763607 682
0.771992 1163
0.771992 650
0.779441 1196
0.779441 685
0.788068 1138
0.788068 715
0.798068 1104
0.798068 693
0.806882 1161
0.806882 728
0.816882 1102
0.816882 624
0.823966 1267
0.823966 531
0.829761 1320
0.829761 706
0.838780 1123
0.838780 474
0.843535 1455
0.843535 488
0.848029 1501
0.848029 618
0.855172 1250
0.855172 580
0.861472 1326
0.861472 591
0.868129 1281
0.868129 609
0.875081 1273
0.875081 570
0.881500 1302
0.881500 419
0.885809 1512
0.885809 600
0.892716 1265
0.892716 730
0.902716 1138
0.902716 733
0.912716 1173
0.912716 625
0.920092 1253
0.920092 645
0.927908 1187
0.927908 661
0.935412 1209
0.935412 709
0.944013 1158
0.944013 778
0.954013 1124
0.954013 694
0.962115 1163
0.962115 697
0.970411 1125
0.970411 729
0.979171 1090
0.979171 544
0.985138 1219
0.985138 779
0.995081 1045
0.995081 702
1.003703 1124
1.003703 763
1.013703 1056
1.013703 771
1.023703 1098
1.023703 590
1.030448 1207
1.030448 693
1.038885 1115
1.038885 780
1.048885 1105
1.048885 640
1.056599 1185
1.056599 421
1.061002 1366
1.061002 759
1.071002 1082
1.071002 728
1.081002 1135
1.081002 756
1.091002 1115
1.091002 723
1.101002 1131
1.101002 695
1.110313 1153
1.110313 742
1.120313 1132
1.120313 716
1.130229 1135
1.130229 708
1.139931 1157
1.139931 736
1.149931 1165
1.149931 679
1.158743 1216
1.158743 708
1.168203 1177
1.168203 585
1.175464 1293
1.175464 613
1.183254 1244
1.183254 615
1.191318 1244
1.191318 514
1.197601 1349
1.197601 522
1.204241 1286
1.204241 472
1.209784 1397
1.209784 542
1.216677 1266
1.216677 642
1.224001 1249
1.224001 493
1.229399 1388
1.229399 596
1.235604 1301
1.235604 653
1.242488 1255
1.242488 459
1.247664 1374
1.247664 669
1.254053 1294
1.254053 542
1.259828 1347
1.259828 722
1.266724 1218
1.266724 560
1.272800 1300
1.272800 565
1.278091 1361
1.278091 498
1.283040 1348
1.283040 522
1.287569 1386
1.287569 444
1.291183 1495
1.291183 1150
1.291183 648
1.299067 1156
1.299067 541
1.304866 1230
1.304866 479
1.309831 1202
1.309831 544
1.316656 1081
1.316656 676
1.324408 1107
1.324408 369
1.328276 1224
1.328276 598
1.335083 1079
1.335083 377
1.339028 1234
1.339028 472
1.344054 1199
1.344054 488
1.349255 1209
1.349255 575
1.355987 1137
1.355987 654
1.364231 1076
1.364231 382
1.368429 1276
1.368429 478
1.373817 1191
1.373817 572
1.381096 1092
1.381096 614
1.389291 1059
1.389291 597
1.395898 1142
1.395898 625
1.404310 1060
1.404310 587
1.411954 1026
1.411954 539
1.418063 1080
1.418063 590
1.424839 1076
1.424839 762
1.434410 1037
1.434410 664
1.442859 1074
1.442859 688
1.452682 986
1.452682 722
1.462682 1026
1.462682 738
1.472682 1015
1.472682 740
1.482682 1021
1.482682 743
1.492682 991
1.492682 606
1.500091 1041
1.500091 632
1.508986 973
1.508986 681
1.517767 1019
1.517767 683
1.527547 966
1.527547 647
1.536646 1012
1.536646 700
1.546646 980
1.546646 730
1.556646 1001
1.556646 739
1.566646 1007
1.566646 580
1.573744 1072
1.573744 643
1.581647 1058
1.581647 564
1.588736 1056
1.588736 736
1.598736 987
1.598736 707
1.608736 1001
1.608736 521
1.615546 1031
1.615546 719
1.625546 963
1.625546 745
1.635546 1042
1.635546 771
1.645546 1039
1.645546 768
1.655546 1055
1.655546 766
1.665546 1064
1.665546 668
