0.000000 1
0.000000 196
0.010000 48
0.010000 211
0.020000 90
0.020000 193
0.030000 115
0.030000 187
0.040000 126
0.040000 188
0.050000 133
0.050000 197
0.060000 148
0.060000 211
0.070000 162
0.070000 224
0.080000 180
0.080000 232
0.089711 204
0.089711 208
0.089711 75
0.092961 209
0.092961 62
0.095554 217
0.095554 223
0.095554 116
0.100266 226
0.100266 97
0.104058 231
0.104058 133
0.109027 246
0.109027 188
0.116152 256
0.116152 203
0.124128 283
0.124128 108
0.127515 305
0.127515 108
0.130775 306
0.130775 98
0.133650 306
0.133650 303
0.133650 84
0.136201 309
0.136201 309
0.136201 129
0.140323 305
0.140323 94
0.143088 310
0.143088 113
0.146725 329
0.146725 319
0.146725 218
0.153258 343
0.153258 185
0.158305 327
0.158305 206
0.163928 340
0.163928 107
0.166703 376
0.166703 374
0.166703 362
0.166703 110
0.169593 370
0.169593 378
0.169593 152
0.173967 379
0.173967 116
0.176990 384
0.176990 121
0.180187 391
0.180187 390
0.180187 190
0.185265 376
0.185265 192
0.190267 393
0.190267 404
0.190267 404
0.190267 127
0.193658 405
0.193658 418
0.193658 118
0.196603 414
0.196603 411
0.196603 183
0.201662 417
0.201662 139
0.204833 426
0.204833 153
0.208152 435
0.208152 147
0.211068 435
0.211068 440
0.211068 433
0.211068 130
0.213697 445
0.213697 437
0.213697 436
0.213697 159
0.217162 436
0.217162 426
0.217162 164
0.220604 435
0.220604 427
0.220604 139
0.223461 418
0.223461 420
0.223461 183
0.227711 426
0.227711 438
0.227711 147
0.230843 444
0.230843 439
0.230843 175
0.234933 434
0.234933 434
0.234933 173
0.239091 433
0.239091 438
0.239091 169
0.242633 441
0.242633 443
0.242633 199
0.246752 446
0.246752 456
0.246752 145
0.249565 451
0.249565 462
0.249565 190
0.253369 455
0.253369 458
0.253369 182
0.256998 457
0.256998 460
0.256998 180
0.260645 460
0.260645 463
0.260645 164
0.263838 458
0.263838 459
0.263838 190
0.267879 463
0.267879 458
0.267879 162
0.271058 459
0.271058 470
0.271058 134
0.273600 453
0.273600 456
0.273600 152
0.276666 453
0.276666 462
0.276666 141
0.279520 459
0.279520 459
0.279520 140
0.282389 455
0.282389 455
0.282389 463
0.282389 152
0.285605 468
0.285605 466
0.285605 469
0.285605 153
0.288811 458
0.288811 458
0.288811 466
0.288811 167
0.292501 458
0.292501 453
0.292501 458
0.292501 138
0.295431 457
0.295431 452
0.295431 445
0.295431 154
0.298898 448
0.298898 443
0.298898 130
0.301666 446
0.301666 441
0.301666 434
0.301666 144
0.304873 444
0.304873 434
0.304873 124
0.307406 435
0.307406 437
0.307406 433
0.307406 154
0.310722 441
0.310722 434
0.310722 427
0.310722 150
0.313920 431
0.313920 435
0.313920 433
0.313920 157
0.317223 441
0.317223 437
0.317223 434
0.317223 145
0.320286 438
0.320286 438
0.320286 437
0.320286 145
0.323311 437
0.323311 434
0.323311 435
0.323311 144
0.326322 441
0.326322 445
0.326322 441
0.326322 136
0.329146 446
0.329146 448
0.329146 442
0.329146 140
0.331765 435
0.331765 438
0.331765 436
0.331765 434
0.331765 148
0.334943 445
0.334943 447
0.334943 444
0.334943 445
0.334943 147
0.338027 438
0.338027 436
0.338027 440
0.338027 125
0.340663 447
0.340663 443
0.340663 443
0.340663 438
0.340663 156
0.344056 441
0.344056 439
0.344056 436
0.344056 439
0.344056 142
0.347144 441
0.347144 439
0.347144 437
0.347144 133
0.350104 439
0.350104 447
0.350104 452
0.350104 146
0.353409 449
0.353409 446
0.353409 447
0.353409 147
0.356761 445
0.356761 442
0.356761 440
0.356761 134
0.359826 444
0.359826 442
0.359826 442
0.359826 143
0.363120 447
0.363120 448
0.363120 451
0.363120 117
0.365647 456
0.365647 455
0.365647 123
0.368315 453
0.368315 450
0.368315 449
0.368315 143
0.371677 456
0.371677 455
0.371677 453
0.371677 144
0.374902 450
0.374902 454
0.374902 119
0.377417 457
0.377417 460
0.377417 457
0.377417 132
0.380208 455
0.380208 450
0.380208 121
0.382831 456
0.382831 453
0.382831 453
0.382831 155
0.385826 453
0.385826 453
0.385826 449
0.385826 138
0.388843 453
0.388843 449
0.388843 454
0.388843 141
0.391888 451
0.391888 448
0.391888 440
0.391888 126
0.394613 443
0.394613 447
0.394613 441
0.394613 145
0.397903 439
0.397903 440
0.397903 437
0.397903 434
0.397903 129
0.400705 435
0.400705 442
0.400705 441
0.400705 145
0.403897 440
0.403897 436
0.403897 431
0.403897 134
0.406862 431
0.406862 438
0.406862 120
0.409363 435
0.409363 432
0.409363 431
0.409363 126
0.412070 432
0.412070 427
0.412070 424
0.412070 422
0.412070 144
0.415340 423
0.415340 424
0.415340 114
0.417851 422
0.417851 415
0.417851 122
0.420665 422
0.420665 421
0.420665 120
0.423515 417
0.423515 421
0.423515 143
0.426049 420
0.426049 420
0.426049 425
0.426049 129
0.428828 428
0.428828 429
0.428828 423
0.428828 141
0.432145 423
0.432145 420
0.432145 415
0.432145 147
0.435674 418
0.435674 416
0.435674 413
0.435674 113
0.438180 411
0.438180 409
0.438180 143
0.441717 408
0.441717 407
0.441717 404
0.441717 149
0.445468 409
0.445468 406
0.445468 403
0.445468 137
0.448778 407
0.448778 408
0.448778 407
0.448778 127
0.451713 410
0.451713 409
0.451713 409
0.451713 152
0.454716 412
0.454716 409
0.454716 405
0.454716 114
0.457322 413
0.457322 414
0.457322 407
0.457322 117
0.460023 404
0.460023 407
0.460023 404
0.460023 123
0.462896 407
0.462896 402
0.462896 401
0.462896 124
0.465877 401
0.465877 398
0.465877 148
0.468504 385
0.468504 384
0.468504 113
0.471159 379
0.471159 385
0.471159 154
0.474032 385
0.474032 382
0.474032 133
0.476599 378
0.476599 383
0.476599 380
0.476599 145
0.480101 381
0.480101 374
0.480101 365
0.480101 130
0.483431 357
0.483431 358
0.483431 118
0.486174 362
0.486174 362
0.486174 138
0.489226 360
0.489226 359
0.489226 126
0.492706 367
0.492706 395
0.492706 169
0.497073 352
0.497073 112
0.500037 363
0.500037 108
0.502799 365
0.502799 121
0.505917 375
0.505917 146
0.510029 375
0.510029 135
0.513403 370
0.513403 140
0.516989 379
0.516989 397
0.516989 196
0.522772 392
0.522772 163
0.527099 383
0.527099 399
0.527099 187
0.532537 390
0.532537 114
0.535388 408
0.535388 140
0.538961 399
0.538961 141
0.542337 384
0.542337 124
0.545218 401
0.545218 394
0.545218 207
0.551058 389
0.551058 178
0.555778 382
0.555778 181
0.560591 375
0.560591 223
0.566950 380
0.566950 131
0.570073 380
0.570073 162
0.573845 386
0.573845 151
0.577302 382
0.577302 165
0.581320 388
0.581320 163
0.585471 382
0.585471 186
0.590136 446
0.590136 211
0.595503 443
0.595503 181
0.600334 384
0.600334 173
0.604797 382
0.604797 194
0.609954 383
0.609954 208
0.615809 379
0.615809 201
0.621408 379
0.621408 205
0.627084 384
0.627084 161
0.631184 379
0.631184 140
0.634697 373
0.634697 387
0.634697 229
0.640912 382
0.640912 154
0.644575 379
0.644575 200
0.649620 392
0.649620 185
0.654151 394
0.654151 205
0.659463 392
0.659463 130
0.662392 382
0.662392 125
0.665146 398
0.665146 404
0.665146 194
0.670364 399
0.670364 395
0.670364 188
0.675518 400
0.675518 142
0.679167 401
0.679167 141
0.682676 404
0.682676 400
0.682676 193
0.687812 392
0.687812 177
0.692047 395
0.692047 187
0.696828 390
0.696828 168
0.700943 389
0.700943 189
0.705665 398
0.705665 144
0.708980 398
0.708980 134
0.712059 393
0.712059 171
0.716014 391
0.716014 189
0.720812 394
0.720812 196
0.725893 397
0.725893 133
0.729208 384
0.729208 217
0.734771 397
0.734771 250
0.741842 397
0.741842 245
0.748657 396
0.748657 273
0.756656 399
0.756656 249
0.763562 399
0.763562 268
0.771413 394
0.771413 190
0.776413 387
0.776413 257
0.783743 391
0.783743 241
0.790455 387
0.790455 295
0.799665 386
0.799665 290
0.808754 381
0.808754 226
0.815102 378
0.815102 213
0.821904 494
0.821904 193
0.827163 371
0.827163 249
0.835273 536
0.835273 273
0.844096 495
0.844096 301
0.853055 381
0.853055 298
0.862406 455
0.862406 317
0.872269 467
0.872269 308
0.882160 486
0.882160 317
0.891913 446
0.891913 337
0.901779 384
0.901779 297
0.909877 379
0.909877 357
0.919877 384
0.919877 336
0.929877 373
0.929877 313
0.939125 371
0.939125 292
0.946900 380
0.946900 349
0.956810 382
0.956810 353
0.966810 383
0.966810 353
0.976810 380
0.976810 356
0.986810 382
0.986810 350
0.996810 379
0.996810 306
1.006005 366
1.006005 349
1.016005 377
1.016005 347
1.026005 379
1.026005 339
1.036005 379
1.036005 313
1.046005 369
1.046005 330
1.056005 379
1.056005 343
1.066005 384
1.066005 337
1.076005 384
1.076005 343
1.086005 389
1.086005 327
1.096005 382
1.096005 315
1.105857 382
1.105857 301
1.115274 379
1.115274 318
1.125274 380
1.125274 214
1.131429 377
1.131429 327
1.141429 384
1.141429 208
1.147333 380
1.147333 301
1.156259 386
1.156259 269
1.164265 380
1.164265 311
1.173595 390
1.173595 254
1.181558 377
1.181558 301
1.191558 374
1.191558 249
1.198853 381
1.198853 235
1.205795 378
1.205795 301
1.215795 371
1.215795 229
1.222966 370
1.222966 183
1.228068 371
1.228068 242
1.234938 387
1.234938 199
1.240177 379
1.240177 211
1.245741 383
1.245741 227
1.252361 376
1.252361 194
1.257639 369
1.257639 222
1.263894 368
1.263894 266
1.272006 376
1.272006 249
1.279841 371
1.279841 246
1.287037 377
1.287037 237
1.293846 380
1.293846 177
1.298779 369
1.298779 211
1.304688 369
1.304688 205
1.310010 369
1.310010 162
1.314474 360
1.314474 255
1.321699 371
1.321699 213
1.327978 366
1.327978 218
1.334352 362
1.334352 248
1.341420 369
1.341420 255
1.348455 376
1.348455 247
1.355414 366
1.355414 210
1.360990 365
1.360990 173
1.365401 357
1.365401 257
1.373349 359
1.373349 253
1.380292 368
1.380292 169
1.384585 359
1.384585 301
1.392898 376
1.392898 291
1.401560 363
1.401560 342
1.411560 374
1.411560 293
1.419589 374
1.419589 342
1.429589 366
1.429589 301
1.439112 355
1.439112 294
1.447615 364
1.447615 344
1.457615 367
1.457615 325
1.467615 386
1.467615 348
1.477615 366
1.477615 356
1.487615 375
1.487615 359
1.497615 377
1.497615 358
1.507615 371
1.507615 283
1.515398 363
1.515398 350
1.525398 366
1.525398 350
1.535398 369
1.535398 305
1.543501 371
1.543501 290
1.552656 478
1.552656 340
1.562656 362
1.562656 284
1.570425 360
1.570425 348
1.580425 365
1.580425 323
1.590425 356
1.590425 341
1.600425 362
1.600425 344
1.610425 365
1.610425 342
1.620425 366
1.620425 329
1.630425 362
1.630425 308
1.640189 355
1.640189 344
1.650189 368
1.650189 330
1.660189 364
1.660189 346
