0.000000 103
0.000000 250
0.010000 275
0.010000 254
0.020000 320
0.020000 315
0.030000 369
0.030000 349
0.040000 416
0.040000 377
0.050000 447
0.050000 396
0.060000 496
0.060000 422
0.070000 544
0.070000 459
0.080000 592
0.080000 420
0.086761 624
0.086761 607
0.086761 182
0.089665 623
0.089665 166
0.092403 634
0.092403 650
0.092403 341
0.097503 674
0.097503 253
0.101167 696
0.101167 362
0.106260 735
0.106260 486
0.113904 801
0.113904 727
0.123073 882
0.123073 338
0.126550 895
0.126550 337
0.129856 923
0.129856 251
0.132473 930
0.132473 1239
0.132473 1404
0.132473 560
0.136466 990
0.136466 1233
0.136466 584
0.142256 1023
0.142256 492
0.146735 1123
0.146735 352
0.149341 1258
0.149341 1151
0.149341 949
0.156463 1420
0.156463 594
0.161829 1394
0.161829 396
0.165205 1626
0.165205 1344
0.165205 1495
0.165205 432
0.168010 1209
0.168010 1493
0.168010 534
0.172129 1530
0.172129 432
0.175150 1500
0.175150 651
0.179118 1824
0.179118 454
0.181864 1839
0.181864 1670
0.181864 739
0.188013 1562
0.188013 391
0.190895 1879
0.190895 1510
0.190895 1508
0.190895 378
0.193416 1369
0.193416 1566
0.193416 470
0.196546 1604
0.196546 444
0.199551 1819
0.199551 1910
0.199551 614
0.204157 1987
0.204157 476
0.207748 2080
0.207748 419
0.210650 2188
0.210650 1478
0.210650 1487
0.210650 422
0.213453 1591
0.213453 1566
0.213453 1777
0.213453 559
0.217414 1669
0.217414 1996
0.217414 562
0.220985 2017
0.220985 1670
0.220985 635
0.225522 1776
0.225522 1603
0.225522 367
0.228280 1722
0.228280 1764
0.228280 468
0.231399 1702
0.231399 1576
0.231399 508
0.235188 1629
0.235188 1461
0.235188 550
0.239390 1610
0.239390 1480
0.239390 394
0.242334 1753
0.242334 1582
0.242334 434
0.245537 1707
0.245537 360
0.248103 2375
0.248103 1420
0.248103 540
0.252484 1716
0.252484 1437
0.252484 398
0.255469 1828
0.255469 1424
0.255469 435
0.258787 1495
0.258787 1388
0.258787 469
0.262622 1478
0.262622 339
0.265470 1999
0.265470 1322
0.265470 411
0.269051 1722
0.269051 1368
0.269051 373
0.272010 2064
0.272010 1293
0.272010 446
0.275657 1969
0.275657 1315
0.275657 314
0.278420 1466
0.278420 1324
0.278420 339
0.281349 1555
0.281349 1344
0.281349 378
0.284396 1281
0.284396 1201
0.284396 330
0.287506 1219
0.287506 1348
0.287506 366
0.290670 1207
0.290670 1186
0.290670 312
0.293677 1263
0.293677 1206
0.293677 1179
0.293677 418
0.297758 1275
0.297758 1222
0.297758 1207
0.297758 381
0.301357 1182
0.301357 1181
0.301357 1267
0.301357 357
0.304693 1181
0.304693 1171
0.304693 1179
0.304693 338
0.307852 1182
0.307852 1177
0.307852 1177
0.307852 334
0.310937 1181
0.310937 1179
0.310937 1273
0.310937 1218
0.310937 342
0.314060 1184
0.314060 1182
0.314060 1230
0.314060 1199
0.314060 369
0.317505 1189
0.317505 1190
0.317505 1191
0.317505 303
0.320247 1197
0.320247 1193
0.320247 1190
0.320247 353
0.323492 1206
0.323492 1190
0.323492 1186
0.323492 319
0.326392 1201
0.326392 1195
0.326392 1189
0.326392 290
0.328984 1202
0.328984 1253
0.328984 1249
0.328984 1232
0.328984 327
0.331888 1215
0.331888 1198
0.331888 1188
0.331888 304
0.334631 1201
0.334631 1186
0.334631 1189
0.334631 317
0.337517 1202
0.337517 1194
0.337517 1185
0.337517 303
0.340250 1194
0.340250 1180
0.340250 1184
0.340250 1179
0.340250 323
0.343159 1190
0.343159 1184
0.343159 1212
0.343159 303
0.345728 1194
0.345728 1181
0.345728 1183
0.345728 292
0.348304 1192
0.348304 1183
0.348304 1169
0.348304 302
0.351037 1192
0.351037 1172
0.351037 1172
0.351037 298
0.353696 1184
0.353696 1174
0.353696 1166
0.353696 331
0.356684 1177
0.356684 1171
0.356684 1169
0.356684 335
0.359700 1178
0.359700 1168
0.359700 1162
0.359700 293
0.362241 1169
0.362241 1162
0.362241 1163
0.362241 387
0.365810 1169
0.365810 1158
0.365810 1157
0.365810 345
0.368880 1163
0.368880 1154
0.368880 1148
0.368880 373
0.372250 1154
0.372250 1147
0.372250 1147
0.372250 315
0.374957 1151
0.374957 1147
0.374957 1139
0.374957 354
0.378064 1148
0.378064 1148
0.378064 1224
0.378064 390
0.381559 1145
0.381559 1138
0.381559 1133
0.381559 397
0.385302 1255
0.385302 1185
0.385302 1159
0.385302 344
0.388362 1150
0.388362 1150
0.388362 1153
0.388362 346
0.391461 1154
0.391461 1162
0.391461 1164
0.391461 342
0.394514 1174
0.394514 1173
0.394514 1175
0.394514 317
0.397297 1242
0.397297 1203
0.397297 1262
0.397297 1230
0.397297 382
0.400710 1174
0.400710 1172
0.400710 1265
0.400710 309
0.403275 1175
0.403275 1165
0.403275 1166
0.403275 344
0.405909 1243
0.405909 1173
0.405909 1302
0.405909 444
0.409169 1405
0.409169 1301
0.409169 1348
0.409169 483
0.412722 1465
0.412722 1397
0.412722 1390
0.412722 1303
0.412722 441
0.415812 1242
0.415812 1192
0.415812 1180
0.415812 370
0.418504 1159
0.418504 1126
0.418504 1113
0.418504 377
0.421404 1144
0.421404 1092
0.421404 1069
0.421404 404
0.424555 1065
0.424555 1009
0.424555 1002
0.424555 385
0.427450 1011
0.427450 991
0.427450 975
0.427450 405
0.430611 974
0.430611 958
0.430611 343
0.433125 983
0.433125 1037
0.433125 425
0.436246 986
0.436246 963
0.436246 948
0.436246 414
0.439475 1022
0.439475 1004
0.439475 998
0.439475 361
0.442147 1048
0.442147 1014
0.442147 968
0.442147 480
0.445659 1189
0.445659 1129
0.445659 1068
0.445659 459
0.449083 1009
0.449083 950
0.449083 353
0.451755 1026
0.451755 997
0.451755 948
0.451755 419
0.455224 1088
0.455224 994
0.455224 948
0.455224 437
0.458538 964
0.458538 939
0.458538 927
0.458538 384
0.461666 968
0.461666 1010
0.461666 390
0.464620 956
0.464620 924
0.464620 924
0.464620 362
0.467397 961
0.467397 1045
0.467397 990
0.467397 397
0.470512 1091
0.470512 1026
0.470512 1004
0.470512 364
0.473284 984
0.473284 947
0.473284 925
0.473284 397
0.476604 950
0.476604 932
0.476604 922
0.476604 375
0.479589 1081
0.479589 1008
0.479589 339
0.482111 1087
0.482111 1034
0.482111 389
0.485001 1062
0.485001 1065
0.485001 377
0.487791 1044
0.487791 1019
0.487791 436
0.491360 990
0.491360 340
0.494508 921
0.494508 314
0.497021 1012
0.497021 1000
0.497021 475
0.501514 950
0.501514 302
0.504111 963
0.504111 964
0.504111 481
0.509129 967
0.509129 301
0.511672 989
0.511672 381
0.515554 989
0.515554 427
0.518898 1014
0.518898 1103
0.518898 449
0.523360 1059
0.523360 382
0.526980 1672
0.526980 299
0.529674 1064
0.529674 1033
0.529674 465
0.534077 1039
0.534077 313
0.537011 1035
0.537011 501
0.541087 1062
0.541087 1084
0.541087 363
0.544471 1052
0.544471 346
0.547796 1052
0.547796 354
0.550572 1078
0.550572 1123
0.550572 420
0.554646 1370
0.554646 338
0.558002 1516
0.558002 293
0.560603 1224
0.560603 1131
0.560603 449
0.565045 1172
0.565045 365
0.568883 1484
0.568883 331
0.572214 1520
0.572214 1087
0.572214 335
0.575240 1113
0.575240 297
0.577923 1126
0.577923 333
0.580975 1321
0.580975 366
0.584553 1574
0.584553 310
0.587394 1210
0.587394 299
0.589975 1162
0.589975 1135
0.589975 465
0.594496 1258
0.594496 413
0.599208 1441
0.599208 312
0.602330 1613
0.602330 369
0.605996 1569
0.605996 329
0.609046 1575
0.609046 354
0.612602 1702
0.612602 396
0.616999 1588
0.616999 448
0.622451 1404
0.622451 451
0.627933 1430
0.627933 409
0.632731 1566
0.632731 367
0.636870 1602
0.636870 499
0.643052 1291
0.643052 452
0.648197 1425
0.648197 530
0.654611 1273
0.654611 581
0.661782 1219
0.661782 617
0.669336 1185
0.669336 536
0.675158 1312
0.675158 606
0.682187 1205
0.682187 539
0.687906 1327
0.687906 473
0.692547 1434
0.692547 499
0.697759 1388
0.697759 479
0.702290 1489
0.702290 467
0.706586 1556
0.706586 548
0.711680 1454
0.711680 756
0.718207 1356
0.718207 587
0.724592 1414
0.724592 579
0.730776 1423
0.730776 497
0.735443 1578
0.735443 434
0.739167 1770
0.739167 705
0.745163 1419
0.745163 509
0.749905 1566
0.749905 683
0.757156 1282
0.757156 628
0.764735 1280
0.764735 653
0.772205 1252
0.772205 581
0.778728 1301
0.778728 634
0.786899 1199
0.786899 560
0.793259 1314
0.793259 468
0.798310 1420
0.798310 559
0.804564 1311
0.804564 685
0.814564 1108
0.814564 669
0.823146 1223
0.823146 550
0.829403 1325
0.829403 653
0.838903 1155
0.838903 635
0.846857 1304
0.846857 646
0.854994 1262
0.854994 532
0.860679 1425
0.860679 564
0.866953 1329
0.866953 612
0.873890 1291
0.873890 546
0.879535 1386
0.879535 568
0.885594 1348
0.885594 636
0.893813 1225
0.893813 689
0.903297 1206
0.903297 672
0.912051 1235
0.912051 742
0.922051 1199
0.922051 721
0.931139 1259
0.931139 583
0.937602 1357
0.937602 514
0.942634 1435
0.942634 613
0.949027 1328
0.949027 484
0.953322 1507
0.953322 542
0.959137 1337
0.959137 750
0.967503 1199
0.967503 718
0.977503 1137
0.977503 658
0.985395 1187
0.985395 642
0.992360 1186
0.992360 716
1.001259 1090
1.001259 708
1.011073 1014
1.011073 586
1.017646 1139
1.017646 752
1.027646 1068
1.027646 727
1.037646 1118
1.037646 738
1.046332 1290
1.046332 751
1.056332 1163
1.056332 730
1.066332 1193
1.066332 732
1.076332 1194
1.076332 669
1.084950 1264
1.084950 604
1.093015 1249
1.093015 586
1.100598 1281
1.100598 641
1.108726 1241
1.108726 599
1.116173 1279
1.116173 590
1.123276 1279
1.123276 597
1.130662 1270
1.130662 601
1.138208 1249
1.138208 500
1.143555 1427
1.143555 614
1.150394 1290
1.150394 524
1.155564 1463
1.155564 625
1.163516 1214
1.163516 461
1.168493 1469
1.168493 651
1.177358 1181
1.177358 423
1.181814 1524
1.181814 660
1.189955 1249
1.189955 667
1.198195 1258
1.198195 526
1.204652 1310
1.204652 527
1.211040 1319
1.211040 488
1.217015 1343
1.217015 516
1.223616 1277
1.223616 373
1.227618 1534
1.227618 515
1.233083 1395
1.233083 583
1.239298 1321
1.239298 791
1.247798 1207
1.247798 601
1.255627 1251
1.255627 560
1.261610 1353
1.261610 562
1.268549 1270
1.268549 567
1.275357 1268
1.275357 656
1.282751 1273
1.282751 549
1.289629 1243
1.289629 572
1.296640 1221
1.296640 673
1.305217 1118
1.305217 691
1.315217 1018
1.315217 712
1.325217 1065
1.325217 686
1.334027 1126
1.334027 627
1.341653 1162
1.341653 659
1.350147 1121
1.350147 642
1.357195 1207
1.357195 586
1.364185 1175
1.364185 740
1.374136 1066
1.374136 723
1.383782 1130
1.383782 683
1.392830 1129
1.392830 761
1.402830 1108
1.402830 732
1.412212 1147
1.412212 658
1.421020 1137
1.421020 749
1.431020 1117
1.431020 744
1.441020 1121
1.441020 692
1.449656 1160
1.449656 756
1.459656 1110
1.459656 736
1.468906 1144
1.468906 481
1.473635 1301
1.473635 663
1.481717 1120
1.481717 753
1.491717 1092
1.491717 766
1.501717 1114
1.501717 559
1.507820 1229
1.507820 504
1.512946 1232
1.512946 522
1.518793 1155
1.518793 613
1.525372 1147
1.525372 897
1.534731 1057
1.534731 770
1.544731 1068
1.544731 764
1.554731 1071
1.554731 728
1.564731 1044
1.564731 732
1.574731 1070
1.574731 722
1.584731 1060
1.584731 747
1.594731 1064
1.594731 753
1.604731 1071
1.604731 765
1.614731 1083
1.614731 694
1.623067 1144
1.623067 771
1.633067 1091
1.633067 781
1.643067 1142
1.643067 783
1.653067 1135
1.653067 786
1.663067 1154
1.663067 764
